// Jest Snapshot v1, https://goo.gl/fbAQLP

exports[`Verificar componente GifGridItem Debe hacer match con el snapshot 1`] = `
<div>
  <div
    class="card"
  >
    <img
      alt="Luffy"
      src="https://onepiece.com/luffy.gif"
    />
    <p>
      Luffy
    </p>
  </div>
</div>
`;
